<!doctype html public "-//w3c//dtd html 4.0 transitional//en">
<html><head>
<title>Static Call Graph - [.\Objects\cm0_keil1.axf]</title></head>
<body><HR>
<H1>Static Call Graph for image .\Objects\cm0_keil1.axf</H1><HR>
<BR><P>#&#060CALLGRAPH&#062# ARM Linker, 5060960: Last Updated: Sat Mar 16 22:34:19 2024
<BR><P>
<H3>Maximum Stack Usage =        140 bytes + Unknown(Cycles, Untraceable Function Pointers)</H3><H3>
Call chain for Maximum Stack Depth:</H3>
SCD_CMD_SET &rArr; atof_tyj &rArr; _cz_strtoxl &rArr; __aeabi_uidivmod
<P>
<H3>
Mutually Recursive functions
</H3> <LI><a href="#[1]">NMI_Handler</a>&nbsp;&nbsp;&nbsp;&rArr;&nbsp;&nbsp;&nbsp;<a href="#[1]">NMI_Handler</a><BR>
 <LI><a href="#[2]">HardFault_Handler</a>&nbsp;&nbsp;&nbsp;&rArr;&nbsp;&nbsp;&nbsp;<a href="#[2]">HardFault_Handler</a><BR>
 <LI><a href="#[3]">SVC_Handler</a>&nbsp;&nbsp;&nbsp;&rArr;&nbsp;&nbsp;&nbsp;<a href="#[3]">SVC_Handler</a><BR>
 <LI><a href="#[4]">PendSV_Handler</a>&nbsp;&nbsp;&nbsp;&rArr;&nbsp;&nbsp;&nbsp;<a href="#[4]">PendSV_Handler</a><BR>
 <LI><a href="#[15]">DMA_Handler</a>&nbsp;&nbsp;&nbsp;&rArr;&nbsp;&nbsp;&nbsp;<a href="#[15]">DMA_Handler</a><BR>
 <LI><a href="#[37]">SysCtlDelay</a>&nbsp;&nbsp;&nbsp;&rArr;&nbsp;&nbsp;&nbsp;<a href="#[37]">SysCtlDelay</a><BR>
 <LI><a href="#[31]">SCO_DUMP</a>&nbsp;&nbsp;&nbsp;&rArr;&nbsp;&nbsp;&nbsp;<a href="#[31]">SCO_DUMP</a><BR>
 <LI><a href="#[2f]">SCO_VAR</a>&nbsp;&nbsp;&nbsp;&rArr;&nbsp;&nbsp;&nbsp;<a href="#[2f]">SCO_VAR</a><BR>
 <LI><a href="#[2e]">SCO_get</a>&nbsp;&nbsp;&nbsp;&rArr;&nbsp;&nbsp;&nbsp;<a href="#[2e]">SCO_get</a><BR>
</UL>
<P>
<H3>
Function Pointers
</H3><UL>
 <LI><a href="#[15]">DMA_Handler</a> from startup_cmsdk_cm0.o(.text) referenced from startup_cmsdk_cm0.o(RESET)
 <LI><a href="#[10]">DUALTIMER_HANDLER</a> from startup_cmsdk_cm0.o(.text) referenced from startup_cmsdk_cm0.o(RESET)
 <LI><a href="#[13]">ETHERNET_Handler</a> from startup_cmsdk_cm0.o(.text) referenced from startup_cmsdk_cm0.o(RESET)
 <LI><a href="#[2]">HardFault_Handler</a> from startup_cmsdk_cm0.o(.text) referenced from startup_cmsdk_cm0.o(RESET)
 <LI><a href="#[14]">I2S_Handler</a> from startup_cmsdk_cm0.o(.text) referenced from startup_cmsdk_cm0.o(RESET)
 <LI><a href="#[1]">NMI_Handler</a> from startup_cmsdk_cm0.o(.text) referenced from startup_cmsdk_cm0.o(RESET)
 <LI><a href="#[16]">PORT0_0_Handler</a> from startup_cmsdk_cm0.o(.text) referenced from startup_cmsdk_cm0.o(RESET)
 <LI><a href="#[20]">PORT0_10_Handler</a> from startup_cmsdk_cm0.o(.text) referenced from startup_cmsdk_cm0.o(RESET)
 <LI><a href="#[21]">PORT0_11_Handler</a> from startup_cmsdk_cm0.o(.text) referenced from startup_cmsdk_cm0.o(RESET)
 <LI><a href="#[22]">PORT0_12_Handler</a> from startup_cmsdk_cm0.o(.text) referenced from startup_cmsdk_cm0.o(RESET)
 <LI><a href="#[23]">PORT0_13_Handler</a> from startup_cmsdk_cm0.o(.text) referenced from startup_cmsdk_cm0.o(RESET)
 <LI><a href="#[24]">PORT0_14_Handler</a> from startup_cmsdk_cm0.o(.text) referenced from startup_cmsdk_cm0.o(RESET)
 <LI><a href="#[25]">PORT0_15_Handler</a> from startup_cmsdk_cm0.o(.text) referenced from startup_cmsdk_cm0.o(RESET)
 <LI><a href="#[17]">PORT0_1_Handler</a> from startup_cmsdk_cm0.o(.text) referenced from startup_cmsdk_cm0.o(RESET)
 <LI><a href="#[18]">PORT0_2_Handler</a> from startup_cmsdk_cm0.o(.text) referenced from startup_cmsdk_cm0.o(RESET)
 <LI><a href="#[19]">PORT0_3_Handler</a> from startup_cmsdk_cm0.o(.text) referenced from startup_cmsdk_cm0.o(RESET)
 <LI><a href="#[1a]">PORT0_4_Handler</a> from startup_cmsdk_cm0.o(.text) referenced from startup_cmsdk_cm0.o(RESET)
 <LI><a href="#[1b]">PORT0_5_Handler</a> from startup_cmsdk_cm0.o(.text) referenced from startup_cmsdk_cm0.o(RESET)
 <LI><a href="#[1c]">PORT0_6_Handler</a> from startup_cmsdk_cm0.o(.text) referenced from startup_cmsdk_cm0.o(RESET)
 <LI><a href="#[1d]">PORT0_7_Handler</a> from startup_cmsdk_cm0.o(.text) referenced from startup_cmsdk_cm0.o(RESET)
 <LI><a href="#[1e]">PORT0_8_Handler</a> from startup_cmsdk_cm0.o(.text) referenced from startup_cmsdk_cm0.o(RESET)
 <LI><a href="#[1f]">PORT0_9_Handler</a> from startup_cmsdk_cm0.o(.text) referenced from startup_cmsdk_cm0.o(RESET)
 <LI><a href="#[c]">PORT0_COMB_Handler</a> from startup_cmsdk_cm0.o(.text) referenced from startup_cmsdk_cm0.o(RESET)
 <LI><a href="#[d]">PORT1_COMB_Handler</a> from startup_cmsdk_cm0.o(.text) referenced from startup_cmsdk_cm0.o(RESET)
 <LI><a href="#[4]">PendSV_Handler</a> from startup_cmsdk_cm0.o(.text) referenced from startup_cmsdk_cm0.o(RESET)
 <LI><a href="#[0]">Reset_Handler</a> from startup_cmsdk_cm0.o(.text) referenced from startup_cmsdk_cm0.o(RESET)
 <LI><a href="#[2d]">SCD_CMD_CALL</a> from scd.o(i.SCD_CMD_CALL) referenced from scd.o(.data)
 <LI><a href="#[2b]">SCD_CMD_CHG</a> from scd.o(i.SCD_CMD_CHG) referenced from scd.o(.data)
 <LI><a href="#[2a]">SCD_CMD_CONF</a> from scd.o(i.SCD_CMD_CONF) referenced from scd.o(.data)
 <LI><a href="#[2c]">SCD_CMD_DUMP</a> from scd.o(i.SCD_CMD_DUMP) referenced from scd.o(.data)
 <LI><a href="#[29]">SCD_CMD_SET</a> from scd.o(i.SCD_CMD_SET) referenced from scd.o(.data)
 <LI><a href="#[30]">SCO_DEBUG</a> from scd.o(i.SCO_DEBUG) referenced from scd.o(.data)
 <LI><a href="#[31]">SCO_DUMP</a> from scd.o(i.SCO_DUMP) referenced from scd.o(.data)
 <LI><a href="#[32]">SCO_PRINT</a> from scd.o(i.SCO_PRINT) referenced from scd.o(.data)
 <LI><a href="#[2f]">SCO_VAR</a> from scd.o(i.SCO_VAR) referenced from scd.o(.data)
 <LI><a href="#[2e]">SCO_get</a> from scd.o(i.SCO_get) referenced from scd.o(.data)
 <LI><a href="#[11]">SPI_ALL_Handler</a> from startup_cmsdk_cm0.o(.text) referenced from startup_cmsdk_cm0.o(RESET)
 <LI><a href="#[3]">SVC_Handler</a> from startup_cmsdk_cm0.o(.text) referenced from startup_cmsdk_cm0.o(RESET)
 <LI><a href="#[5]">SysTick_Handler</a> from int_handlers.o(i.SysTick_Handler) referenced from startup_cmsdk_cm0.o(RESET)
 <LI><a href="#[27]">SystemInit</a> from system_cmsdk_cm0.o(i.SystemInit) referenced from startup_cmsdk_cm0.o(.text)
 <LI><a href="#[e]">TIMER0_Handler</a> from startup_cmsdk_cm0.o(.text) referenced from startup_cmsdk_cm0.o(RESET)
 <LI><a href="#[f]">TIMER1_Handler</a> from startup_cmsdk_cm0.o(.text) referenced from startup_cmsdk_cm0.o(RESET)
 <LI><a href="#[12]">UARTOVF_Handler</a> from startup_cmsdk_cm0.o(.text) referenced from startup_cmsdk_cm0.o(RESET)
 <LI><a href="#[6]">UARTRX0_Handler</a> from startup_cmsdk_cm0.o(.text) referenced from startup_cmsdk_cm0.o(RESET)
 <LI><a href="#[8]">UARTRX1_Handler</a> from startup_cmsdk_cm0.o(.text) referenced from startup_cmsdk_cm0.o(RESET)
 <LI><a href="#[a]">UARTRX2_Handler</a> from startup_cmsdk_cm0.o(.text) referenced from startup_cmsdk_cm0.o(RESET)
 <LI><a href="#[7]">UARTTX0_Handler</a> from startup_cmsdk_cm0.o(.text) referenced from startup_cmsdk_cm0.o(RESET)
 <LI><a href="#[9]">UARTTX1_Handler</a> from startup_cmsdk_cm0.o(.text) referenced from startup_cmsdk_cm0.o(RESET)
 <LI><a href="#[b]">UARTTX2_Handler</a> from startup_cmsdk_cm0.o(.text) referenced from startup_cmsdk_cm0.o(RESET)
 <LI><a href="#[28]">__main</a> from entry.o(.ARM.Collect$$$$00000000) referenced from startup_cmsdk_cm0.o(.text)
 <LI><a href="#[26]">main</a> from main.o(i.main) referenced from entry9a.o(.ARM.Collect$$$$0000000B)
</UL>
<P>
<H3>
Global Symbols
</H3>
<P><STRONG><a name="[28]"></a>__main</STRONG> (Thumb, 0 bytes, Stack size unknown bytes, entry.o(.ARM.Collect$$$$00000000))
<BR>[Address Reference Count : 1]<UL><LI> startup_cmsdk_cm0.o(.text)
</UL>
<P><STRONG><a name="[4e]"></a>_main_stk</STRONG> (Thumb, 0 bytes, Stack size unknown bytes, entry2.o(.ARM.Collect$$$$00000001))

<P><STRONG><a name="[33]"></a>_main_scatterload</STRONG> (Thumb, 0 bytes, Stack size unknown bytes, entry5.o(.ARM.Collect$$$$00000004))
<BR><BR>[Calls]<UL><LI><a href="#[34]">&gt;&gt;</a>&nbsp;&nbsp;&nbsp;__scatterload
</UL>

<P><STRONG><a name="[3f]"></a>__main_after_scatterload</STRONG> (Thumb, 0 bytes, Stack size unknown bytes, entry5.o(.ARM.Collect$$$$00000004))
<BR><BR>[Called By]<UL><LI><a href="#[34]">&gt;&gt;</a>&nbsp;&nbsp;&nbsp;__scatterload
</UL>

<P><STRONG><a name="[4f]"></a>_main_clock</STRONG> (Thumb, 0 bytes, Stack size unknown bytes, entry7b.o(.ARM.Collect$$$$00000008))

<P><STRONG><a name="[50]"></a>_main_cpp_init</STRONG> (Thumb, 0 bytes, Stack size unknown bytes, entry8b.o(.ARM.Collect$$$$0000000A))

<P><STRONG><a name="[51]"></a>_main_init</STRONG> (Thumb, 0 bytes, Stack size unknown bytes, entry9a.o(.ARM.Collect$$$$0000000B))

<P><STRONG><a name="[35]"></a>__rt_lib_shutdown_fini</STRONG> (Thumb, 0 bytes, Stack size unknown bytes, entry12b.o(.ARM.Collect$$$$0000000E))
<BR><BR>[Calls]<UL><LI><a href="#[36]">&gt;&gt;</a>&nbsp;&nbsp;&nbsp;__arm_fini_ (Weak Reference)
</UL>

<P><STRONG><a name="[52]"></a>__rt_final_cpp</STRONG> (Thumb, 0 bytes, Stack size unknown bytes, entry10a.o(.ARM.Collect$$$$0000000F))

<P><STRONG><a name="[53]"></a>__rt_final_exit</STRONG> (Thumb, 0 bytes, Stack size unknown bytes, entry11a.o(.ARM.Collect$$$$00000011))

<P><STRONG><a name="[37]"></a>SysCtlDelay</STRONG> (Thumb, 6 bytes, Stack size 0 bytes, delay.o(.emb_text))
<BR><BR>[Calls]<UL><LI><a href="#[37]">&gt;&gt;</a>&nbsp;&nbsp;&nbsp;SysCtlDelay
</UL>
<BR>[Called By]<UL><LI><a href="#[40]">&gt;&gt;</a>&nbsp;&nbsp;&nbsp;DELAY_TICK
<LI><a href="#[37]">&gt;&gt;</a>&nbsp;&nbsp;&nbsp;SysCtlDelay
</UL>

<P><STRONG><a name="[0]"></a>Reset_Handler</STRONG> (Thumb, 12 bytes, Stack size 0 bytes, startup_cmsdk_cm0.o(.text))
<BR>[Address Reference Count : 1]<UL><LI> startup_cmsdk_cm0.o(RESET)
</UL>
<P><STRONG><a name="[1]"></a>NMI_Handler</STRONG> (Thumb, 2 bytes, Stack size 0 bytes, startup_cmsdk_cm0.o(.text))
<BR><BR>[Calls]<UL><LI><a href="#[1]">&gt;&gt;</a>&nbsp;&nbsp;&nbsp;NMI_Handler
</UL>
<BR>[Called By]<UL><LI><a href="#[1]">&gt;&gt;</a>&nbsp;&nbsp;&nbsp;NMI_Handler
</UL>
<BR>[Address Reference Count : 1]<UL><LI> startup_cmsdk_cm0.o(RESET)
</UL>
<P><STRONG><a name="[2]"></a>HardFault_Handler</STRONG> (Thumb, 2 bytes, Stack size 0 bytes, startup_cmsdk_cm0.o(.text))
<BR><BR>[Calls]<UL><LI><a href="#[2]">&gt;&gt;</a>&nbsp;&nbsp;&nbsp;HardFault_Handler
</UL>
<BR>[Called By]<UL><LI><a href="#[2]">&gt;&gt;</a>&nbsp;&nbsp;&nbsp;HardFault_Handler
</UL>
<BR>[Address Reference Count : 1]<UL><LI> startup_cmsdk_cm0.o(RESET)
</UL>
<P><STRONG><a name="[3]"></a>SVC_Handler</STRONG> (Thumb, 2 bytes, Stack size 0 bytes, startup_cmsdk_cm0.o(.text))
<BR><BR>[Calls]<UL><LI><a href="#[3]">&gt;&gt;</a>&nbsp;&nbsp;&nbsp;SVC_Handler
</UL>
<BR>[Called By]<UL><LI><a href="#[3]">&gt;&gt;</a>&nbsp;&nbsp;&nbsp;SVC_Handler
</UL>
<BR>[Address Reference Count : 1]<UL><LI> startup_cmsdk_cm0.o(RESET)
</UL>
<P><STRONG><a name="[4]"></a>PendSV_Handler</STRONG> (Thumb, 2 bytes, Stack size 0 bytes, startup_cmsdk_cm0.o(.text))
<BR><BR>[Calls]<UL><LI><a href="#[4]">&gt;&gt;</a>&nbsp;&nbsp;&nbsp;PendSV_Handler
</UL>
<BR>[Called By]<UL><LI><a href="#[4]">&gt;&gt;</a>&nbsp;&nbsp;&nbsp;PendSV_Handler
</UL>
<BR>[Address Reference Count : 1]<UL><LI> startup_cmsdk_cm0.o(RESET)
</UL>
<P><STRONG><a name="[15]"></a>DMA_Handler</STRONG> (Thumb, 0 bytes, Stack size 0 bytes, startup_cmsdk_cm0.o(.text))
<BR><BR>[Calls]<UL><LI><a href="#[15]">&gt;&gt;</a>&nbsp;&nbsp;&nbsp;DMA_Handler
</UL>
<BR>[Called By]<UL><LI><a href="#[15]">&gt;&gt;</a>&nbsp;&nbsp;&nbsp;DMA_Handler
</UL>
<BR>[Address Reference Count : 1]<UL><LI> startup_cmsdk_cm0.o(RESET)
</UL>
<P><STRONG><a name="[10]"></a>DUALTIMER_HANDLER</STRONG> (Thumb, 0 bytes, Stack size 0 bytes, startup_cmsdk_cm0.o(.text))
<BR>[Address Reference Count : 1]<UL><LI> startup_cmsdk_cm0.o(RESET)
</UL>
<P><STRONG><a name="[13]"></a>ETHERNET_Handler</STRONG> (Thumb, 0 bytes, Stack size 0 bytes, startup_cmsdk_cm0.o(.text))
<BR>[Address Reference Count : 1]<UL><LI> startup_cmsdk_cm0.o(RESET)
</UL>
<P><STRONG><a name="[14]"></a>I2S_Handler</STRONG> (Thumb, 0 bytes, Stack size 0 bytes, startup_cmsdk_cm0.o(.text))
<BR>[Address Reference Count : 1]<UL><LI> startup_cmsdk_cm0.o(RESET)
</UL>
<P><STRONG><a name="[16]"></a>PORT0_0_Handler</STRONG> (Thumb, 0 bytes, Stack size 0 bytes, startup_cmsdk_cm0.o(.text))
<BR>[Address Reference Count : 1]<UL><LI> startup_cmsdk_cm0.o(RESET)
</UL>
<P><STRONG><a name="[20]"></a>PORT0_10_Handler</STRONG> (Thumb, 0 bytes, Stack size 0 bytes, startup_cmsdk_cm0.o(.text))
<BR>[Address Reference Count : 1]<UL><LI> startup_cmsdk_cm0.o(RESET)
</UL>
<P><STRONG><a name="[21]"></a>PORT0_11_Handler</STRONG> (Thumb, 0 bytes, Stack size 0 bytes, startup_cmsdk_cm0.o(.text))
<BR>[Address Reference Count : 1]<UL><LI> startup_cmsdk_cm0.o(RESET)
</UL>
<P><STRONG><a name="[22]"></a>PORT0_12_Handler</STRONG> (Thumb, 0 bytes, Stack size 0 bytes, startup_cmsdk_cm0.o(.text))
<BR>[Address Reference Count : 1]<UL><LI> startup_cmsdk_cm0.o(RESET)
</UL>
<P><STRONG><a name="[23]"></a>PORT0_13_Handler</STRONG> (Thumb, 0 bytes, Stack size 0 bytes, startup_cmsdk_cm0.o(.text))
<BR>[Address Reference Count : 1]<UL><LI> startup_cmsdk_cm0.o(RESET)
</UL>
<P><STRONG><a name="[24]"></a>PORT0_14_Handler</STRONG> (Thumb, 0 bytes, Stack size 0 bytes, startup_cmsdk_cm0.o(.text))
<BR>[Address Reference Count : 1]<UL><LI> startup_cmsdk_cm0.o(RESET)
</UL>
<P><STRONG><a name="[25]"></a>PORT0_15_Handler</STRONG> (Thumb, 0 bytes, Stack size 0 bytes, startup_cmsdk_cm0.o(.text))
<BR>[Address Reference Count : 1]<UL><LI> startup_cmsdk_cm0.o(RESET)
</UL>
<P><STRONG><a name="[17]"></a>PORT0_1_Handler</STRONG> (Thumb, 0 bytes, Stack size 0 bytes, startup_cmsdk_cm0.o(.text))
<BR>[Address Reference Count : 1]<UL><LI> startup_cmsdk_cm0.o(RESET)
</UL>
<P><STRONG><a name="[18]"></a>PORT0_2_Handler</STRONG> (Thumb, 0 bytes, Stack size 0 bytes, startup_cmsdk_cm0.o(.text))
<BR>[Address Reference Count : 1]<UL><LI> startup_cmsdk_cm0.o(RESET)
</UL>
<P><STRONG><a name="[19]"></a>PORT0_3_Handler</STRONG> (Thumb, 0 bytes, Stack size 0 bytes, startup_cmsdk_cm0.o(.text))
<BR>[Address Reference Count : 1]<UL><LI> startup_cmsdk_cm0.o(RESET)
</UL>
<P><STRONG><a name="[1a]"></a>PORT0_4_Handler</STRONG> (Thumb, 0 bytes, Stack size 0 bytes, startup_cmsdk_cm0.o(.text))
<BR>[Address Reference Count : 1]<UL><LI> startup_cmsdk_cm0.o(RESET)
</UL>
<P><STRONG><a name="[1b]"></a>PORT0_5_Handler</STRONG> (Thumb, 0 bytes, Stack size 0 bytes, startup_cmsdk_cm0.o(.text))
<BR>[Address Reference Count : 1]<UL><LI> startup_cmsdk_cm0.o(RESET)
</UL>
<P><STRONG><a name="[1c]"></a>PORT0_6_Handler</STRONG> (Thumb, 0 bytes, Stack size 0 bytes, startup_cmsdk_cm0.o(.text))
<BR>[Address Reference Count : 1]<UL><LI> startup_cmsdk_cm0.o(RESET)
</UL>
<P><STRONG><a name="[1d]"></a>PORT0_7_Handler</STRONG> (Thumb, 0 bytes, Stack size 0 bytes, startup_cmsdk_cm0.o(.text))
<BR>[Address Reference Count : 1]<UL><LI> startup_cmsdk_cm0.o(RESET)
</UL>
<P><STRONG><a name="[1e]"></a>PORT0_8_Handler</STRONG> (Thumb, 0 bytes, Stack size 0 bytes, startup_cmsdk_cm0.o(.text))
<BR>[Address Reference Count : 1]<UL><LI> startup_cmsdk_cm0.o(RESET)
</UL>
<P><STRONG><a name="[1f]"></a>PORT0_9_Handler</STRONG> (Thumb, 0 bytes, Stack size 0 bytes, startup_cmsdk_cm0.o(.text))
<BR>[Address Reference Count : 1]<UL><LI> startup_cmsdk_cm0.o(RESET)
</UL>
<P><STRONG><a name="[c]"></a>PORT0_COMB_Handler</STRONG> (Thumb, 0 bytes, Stack size 0 bytes, startup_cmsdk_cm0.o(.text))
<BR>[Address Reference Count : 1]<UL><LI> startup_cmsdk_cm0.o(RESET)
</UL>
<P><STRONG><a name="[d]"></a>PORT1_COMB_Handler</STRONG> (Thumb, 0 bytes, Stack size 0 bytes, startup_cmsdk_cm0.o(.text))
<BR>[Address Reference Count : 1]<UL><LI> startup_cmsdk_cm0.o(RESET)
</UL>
<P><STRONG><a name="[11]"></a>SPI_ALL_Handler</STRONG> (Thumb, 0 bytes, Stack size 0 bytes, startup_cmsdk_cm0.o(.text))
<BR>[Address Reference Count : 1]<UL><LI> startup_cmsdk_cm0.o(RESET)
</UL>
<P><STRONG><a name="[e]"></a>TIMER0_Handler</STRONG> (Thumb, 0 bytes, Stack size 0 bytes, startup_cmsdk_cm0.o(.text))
<BR>[Address Reference Count : 1]<UL><LI> startup_cmsdk_cm0.o(RESET)
</UL>
<P><STRONG><a name="[f]"></a>TIMER1_Handler</STRONG> (Thumb, 0 bytes, Stack size 0 bytes, startup_cmsdk_cm0.o(.text))
<BR>[Address Reference Count : 1]<UL><LI> startup_cmsdk_cm0.o(RESET)
</UL>
<P><STRONG><a name="[12]"></a>UARTOVF_Handler</STRONG> (Thumb, 0 bytes, Stack size 0 bytes, startup_cmsdk_cm0.o(.text))
<BR>[Address Reference Count : 1]<UL><LI> startup_cmsdk_cm0.o(RESET)
</UL>
<P><STRONG><a name="[6]"></a>UARTRX0_Handler</STRONG> (Thumb, 0 bytes, Stack size 0 bytes, startup_cmsdk_cm0.o(.text))
<BR>[Address Reference Count : 1]<UL><LI> startup_cmsdk_cm0.o(RESET)
</UL>
<P><STRONG><a name="[8]"></a>UARTRX1_Handler</STRONG> (Thumb, 0 bytes, Stack size 0 bytes, startup_cmsdk_cm0.o(.text))
<BR>[Address Reference Count : 1]<UL><LI> startup_cmsdk_cm0.o(RESET)
</UL>
<P><STRONG><a name="[a]"></a>UARTRX2_Handler</STRONG> (Thumb, 0 bytes, Stack size 0 bytes, startup_cmsdk_cm0.o(.text))
<BR>[Address Reference Count : 1]<UL><LI> startup_cmsdk_cm0.o(RESET)
</UL>
<P><STRONG><a name="[7]"></a>UARTTX0_Handler</STRONG> (Thumb, 0 bytes, Stack size 0 bytes, startup_cmsdk_cm0.o(.text))
<BR>[Address Reference Count : 1]<UL><LI> startup_cmsdk_cm0.o(RESET)
</UL>
<P><STRONG><a name="[9]"></a>UARTTX1_Handler</STRONG> (Thumb, 0 bytes, Stack size 0 bytes, startup_cmsdk_cm0.o(.text))
<BR>[Address Reference Count : 1]<UL><LI> startup_cmsdk_cm0.o(RESET)
</UL>
<P><STRONG><a name="[b]"></a>UARTTX2_Handler</STRONG> (Thumb, 0 bytes, Stack size 0 bytes, startup_cmsdk_cm0.o(.text))
<BR>[Address Reference Count : 1]<UL><LI> startup_cmsdk_cm0.o(RESET)
</UL>
<P><STRONG><a name="[54]"></a>__aeabi_uidiv</STRONG> (Thumb, 0 bytes, Stack size 12 bytes, uidiv.o(.text), UNUSED)

<P><STRONG><a name="[41]"></a>__aeabi_uidivmod</STRONG> (Thumb, 44 bytes, Stack size 12 bytes, uidiv.o(.text))
<BR><BR>[Stack]<UL><LI>Max Depth = 12<LI>Call Chain = __aeabi_uidivmod
</UL>
<BR>[Called By]<UL><LI><a href="#[48]">&gt;&gt;</a>&nbsp;&nbsp;&nbsp;_cz_strtoxl
<LI><a href="#[26]">&gt;&gt;</a>&nbsp;&nbsp;&nbsp;main
<LI><a href="#[40]">&gt;&gt;</a>&nbsp;&nbsp;&nbsp;DELAY_TICK
</UL>

<P><STRONG><a name="[38]"></a>__aeabi_fadd</STRONG> (Thumb, 162 bytes, Stack size 24 bytes, fadd.o(.text))
<BR><BR>[Stack]<UL><LI>Max Depth = 36<LI>Call Chain = __aeabi_fadd &rArr; _float_epilogue
</UL>
<BR>[Calls]<UL><LI><a href="#[3a]">&gt;&gt;</a>&nbsp;&nbsp;&nbsp;_float_round
<LI><a href="#[39]">&gt;&gt;</a>&nbsp;&nbsp;&nbsp;_float_epilogue
</UL>
<BR>[Called By]<UL><LI><a href="#[3c]">&gt;&gt;</a>&nbsp;&nbsp;&nbsp;__aeabi_frsub
<LI><a href="#[3b]">&gt;&gt;</a>&nbsp;&nbsp;&nbsp;__aeabi_fsub
<LI><a href="#[43]">&gt;&gt;</a>&nbsp;&nbsp;&nbsp;atof_tyj
</UL>

<P><STRONG><a name="[3b]"></a>__aeabi_fsub</STRONG> (Thumb, 8 bytes, Stack size 0 bytes, fadd.o(.text))
<BR><BR>[Stack]<UL><LI>Max Depth = 36<LI>Call Chain = __aeabi_fsub &rArr; __aeabi_fadd &rArr; _float_epilogue
</UL>
<BR>[Calls]<UL><LI><a href="#[38]">&gt;&gt;</a>&nbsp;&nbsp;&nbsp;__aeabi_fadd
</UL>
<BR>[Called By]<UL><LI><a href="#[43]">&gt;&gt;</a>&nbsp;&nbsp;&nbsp;atof_tyj
</UL>

<P><STRONG><a name="[3c]"></a>__aeabi_frsub</STRONG> (Thumb, 8 bytes, Stack size 0 bytes, fadd.o(.text), UNUSED)
<BR><BR>[Calls]<UL><LI><a href="#[38]">&gt;&gt;</a>&nbsp;&nbsp;&nbsp;__aeabi_fadd
</UL>

<P><STRONG><a name="[47]"></a>__aeabi_fmul</STRONG> (Thumb, 122 bytes, Stack size 16 bytes, fmul.o(.text))
<BR><BR>[Stack]<UL><LI>Max Depth = 16<LI>Call Chain = __aeabi_fmul
</UL>
<BR>[Called By]<UL><LI><a href="#[46]">&gt;&gt;</a>&nbsp;&nbsp;&nbsp;_atof_pow10
</UL>

<P><STRONG><a name="[3d]"></a>__aeabi_i2f</STRONG> (Thumb, 22 bytes, Stack size 8 bytes, fflti.o(.text))
<BR><BR>[Stack]<UL><LI>Max Depth = 20<LI>Call Chain = __aeabi_i2f &rArr; _float_epilogue
</UL>
<BR>[Calls]<UL><LI><a href="#[39]">&gt;&gt;</a>&nbsp;&nbsp;&nbsp;_float_epilogue
</UL>
<BR>[Called By]<UL><LI><a href="#[43]">&gt;&gt;</a>&nbsp;&nbsp;&nbsp;atof_tyj
<LI><a href="#[2e]">&gt;&gt;</a>&nbsp;&nbsp;&nbsp;SCO_get
<LI><a href="#[2f]">&gt;&gt;</a>&nbsp;&nbsp;&nbsp;SCO_VAR
<LI><a href="#[31]">&gt;&gt;</a>&nbsp;&nbsp;&nbsp;SCO_DUMP
</UL>

<P><STRONG><a name="[3e]"></a>__aeabi_ui2f</STRONG> (Thumb, 14 bytes, Stack size 8 bytes, ffltui.o(.text))
<BR><BR>[Stack]<UL><LI>Max Depth = 20<LI>Call Chain = __aeabi_ui2f &rArr; _float_epilogue
</UL>
<BR>[Calls]<UL><LI><a href="#[39]">&gt;&gt;</a>&nbsp;&nbsp;&nbsp;_float_epilogue
</UL>
<BR>[Called By]<UL><LI><a href="#[2e]">&gt;&gt;</a>&nbsp;&nbsp;&nbsp;SCO_get
<LI><a href="#[2f]">&gt;&gt;</a>&nbsp;&nbsp;&nbsp;SCO_VAR
<LI><a href="#[31]">&gt;&gt;</a>&nbsp;&nbsp;&nbsp;SCO_DUMP
</UL>

<P><STRONG><a name="[55]"></a>__I$use$fp</STRONG> (Thumb, 0 bytes, Stack size 0 bytes, iusefp.o(.text), UNUSED)

<P><STRONG><a name="[3a]"></a>_float_round</STRONG> (Thumb, 16 bytes, Stack size 0 bytes, fepilogue.o(.text))
<BR><BR>[Called By]<UL><LI><a href="#[38]">&gt;&gt;</a>&nbsp;&nbsp;&nbsp;__aeabi_fadd
</UL>

<P><STRONG><a name="[39]"></a>_float_epilogue</STRONG> (Thumb, 114 bytes, Stack size 12 bytes, fepilogue.o(.text))
<BR><BR>[Stack]<UL><LI>Max Depth = 12<LI>Call Chain = _float_epilogue
</UL>
<BR>[Called By]<UL><LI><a href="#[3e]">&gt;&gt;</a>&nbsp;&nbsp;&nbsp;__aeabi_ui2f
<LI><a href="#[3d]">&gt;&gt;</a>&nbsp;&nbsp;&nbsp;__aeabi_i2f
<LI><a href="#[38]">&gt;&gt;</a>&nbsp;&nbsp;&nbsp;__aeabi_fadd
</UL>

<P><STRONG><a name="[34]"></a>__scatterload</STRONG> (Thumb, 28 bytes, Stack size 0 bytes, init.o(.text))
<BR><BR>[Calls]<UL><LI><a href="#[3f]">&gt;&gt;</a>&nbsp;&nbsp;&nbsp;__main_after_scatterload
</UL>
<BR>[Called By]<UL><LI><a href="#[33]">&gt;&gt;</a>&nbsp;&nbsp;&nbsp;_main_scatterload
</UL>

<P><STRONG><a name="[56]"></a>__scatterload_rt2</STRONG> (Thumb, 0 bytes, Stack size 0 bytes, init.o(.text), UNUSED)

<P><STRONG><a name="[40]"></a>DELAY_TICK</STRONG> (Thumb, 36 bytes, Stack size 16 bytes, delay.o(i.DELAY_TICK))
<BR><BR>[Stack]<UL><LI>Max Depth = 28<LI>Call Chain = DELAY_TICK &rArr; __aeabi_uidivmod
</UL>
<BR>[Calls]<UL><LI><a href="#[41]">&gt;&gt;</a>&nbsp;&nbsp;&nbsp;__aeabi_uidivmod
<LI><a href="#[37]">&gt;&gt;</a>&nbsp;&nbsp;&nbsp;SysCtlDelay
</UL>
<BR>[Called By]<UL><LI><a href="#[26]">&gt;&gt;</a>&nbsp;&nbsp;&nbsp;main
</UL>

<P><STRONG><a name="[44]"></a>SCD_Rev1Byte</STRONG> (Thumb, 138 bytes, Stack size 24 bytes, scd.o(i.SCD_Rev1Byte))
<BR><BR>[Stack]<UL><LI>Max Depth = 64<LI>Call Chain = SCD_Rev1Byte &rArr; SCD_cmd_handle
</UL>
<BR>[Calls]<UL><LI><a href="#[45]">&gt;&gt;</a>&nbsp;&nbsp;&nbsp;SCD_cmd_handle
</UL>
<BR>[Called By]<UL><LI><a href="#[26]">&gt;&gt;</a>&nbsp;&nbsp;&nbsp;main
</UL>

<P><STRONG><a name="[5]"></a>SysTick_Handler</STRONG> (Thumb, 12 bytes, Stack size 0 bytes, int_handlers.o(i.SysTick_Handler))
<BR>[Address Reference Count : 1]<UL><LI> startup_cmsdk_cm0.o(RESET)
</UL>
<P><STRONG><a name="[27]"></a>SystemInit</STRONG> (Thumb, 12 bytes, Stack size 0 bytes, system_cmsdk_cm0.o(i.SystemInit))
<BR>[Address Reference Count : 1]<UL><LI> startup_cmsdk_cm0.o(.text)
</UL>
<P><STRONG><a name="[57]"></a>__scatterload_copy</STRONG> (Thumb, 14 bytes, Stack size unknown bytes, handlers.o(i.__scatterload_copy), UNUSED)

<P><STRONG><a name="[58]"></a>__scatterload_null</STRONG> (Thumb, 2 bytes, Stack size unknown bytes, handlers.o(i.__scatterload_null), UNUSED)

<P><STRONG><a name="[59]"></a>__scatterload_zeroinit</STRONG> (Thumb, 14 bytes, Stack size unknown bytes, handlers.o(i.__scatterload_zeroinit), UNUSED)

<P><STRONG><a name="[4b]"></a>delay_ms</STRONG> (Thumb, 28 bytes, Stack size 0 bytes, delay.o(i.delay_ms))
<BR><BR>[Called By]<UL><LI><a href="#[26]">&gt;&gt;</a>&nbsp;&nbsp;&nbsp;main
</UL>

<P><STRONG><a name="[26]"></a>main</STRONG> (Thumb, 158 bytes, Stack size 0 bytes, main.o(i.main))
<BR><BR>[Stack]<UL><LI>Max Depth = 64<LI>Call Chain = main &rArr; SCD_Rev1Byte &rArr; SCD_cmd_handle
</UL>
<BR>[Calls]<UL><LI><a href="#[41]">&gt;&gt;</a>&nbsp;&nbsp;&nbsp;__aeabi_uidivmod
<LI><a href="#[4d]">&gt;&gt;</a>&nbsp;&nbsp;&nbsp;scd_send1Byte
<LI><a href="#[4c]">&gt;&gt;</a>&nbsp;&nbsp;&nbsp;scd_init_1
<LI><a href="#[44]">&gt;&gt;</a>&nbsp;&nbsp;&nbsp;SCD_Rev1Byte
<LI><a href="#[4a]">&gt;&gt;</a>&nbsp;&nbsp;&nbsp;uart_ahb_init
<LI><a href="#[49]">&gt;&gt;</a>&nbsp;&nbsp;&nbsp;NVIC_SetPriority
<LI><a href="#[4b]">&gt;&gt;</a>&nbsp;&nbsp;&nbsp;delay_ms
<LI><a href="#[40]">&gt;&gt;</a>&nbsp;&nbsp;&nbsp;DELAY_TICK
</UL>
<BR>[Address Reference Count : 1]<UL><LI> entry9a.o(.ARM.Collect$$$$0000000B)
</UL>
<P><STRONG><a name="[4c]"></a>scd_init_1</STRONG> (Thumb, 92 bytes, Stack size 0 bytes, scd_reg.o(i.scd_init_1))
<BR><BR>[Called By]<UL><LI><a href="#[26]">&gt;&gt;</a>&nbsp;&nbsp;&nbsp;main
</UL>

<P><STRONG><a name="[4d]"></a>scd_send1Byte</STRONG> (Thumb, 74 bytes, Stack size 16 bytes, scd.o(i.scd_send1Byte))
<BR><BR>[Stack]<UL><LI>Max Depth = 16<LI>Call Chain = scd_send1Byte
</UL>
<BR>[Called By]<UL><LI><a href="#[26]">&gt;&gt;</a>&nbsp;&nbsp;&nbsp;main
</UL>

<P><STRONG><a name="[4a]"></a>uart_ahb_init</STRONG> (Thumb, 66 bytes, Stack size 0 bytes, main.o(i.uart_ahb_init))
<BR><BR>[Called By]<UL><LI><a href="#[26]">&gt;&gt;</a>&nbsp;&nbsp;&nbsp;main
</UL>
<P>
<H3>
Local Symbols
</H3>
<P><STRONG><a name="[49]"></a>NVIC_SetPriority</STRONG> (Thumb, 110 bytes, Stack size 8 bytes, main.o(i.NVIC_SetPriority))
<BR><BR>[Stack]<UL><LI>Max Depth = 8<LI>Call Chain = NVIC_SetPriority
</UL>
<BR>[Called By]<UL><LI><a href="#[26]">&gt;&gt;</a>&nbsp;&nbsp;&nbsp;main
</UL>

<P><STRONG><a name="[2d]"></a>SCD_CMD_CALL</STRONG> (Thumb, 46 bytes, Stack size 32 bytes, scd.o(i.SCD_CMD_CALL))
<BR><BR>[Stack]<UL><LI>Max Depth = 108<LI>Call Chain = SCD_CMD_CALL &rArr; cz_atol &rArr; _cz_strtoxl &rArr; __aeabi_uidivmod
</UL>
<BR>[Calls]<UL><LI><a href="#[42]">&gt;&gt;</a>&nbsp;&nbsp;&nbsp;cz_atol
</UL>
<BR>[Address Reference Count : 1]<UL><LI> scd.o(.data)
</UL>
<P><STRONG><a name="[2b]"></a>SCD_CMD_CHG</STRONG> (Thumb, 32 bytes, Stack size 24 bytes, scd.o(i.SCD_CMD_CHG))
<BR><BR>[Stack]<UL><LI>Max Depth = 100<LI>Call Chain = SCD_CMD_CHG &rArr; cz_atol &rArr; _cz_strtoxl &rArr; __aeabi_uidivmod
</UL>
<BR>[Calls]<UL><LI><a href="#[42]">&gt;&gt;</a>&nbsp;&nbsp;&nbsp;cz_atol
</UL>
<BR>[Address Reference Count : 1]<UL><LI> scd.o(.data)
</UL>
<P><STRONG><a name="[2a]"></a>SCD_CMD_CONF</STRONG> (Thumb, 34 bytes, Stack size 24 bytes, scd.o(i.SCD_CMD_CONF))
<BR><BR>[Stack]<UL><LI>Max Depth = 100<LI>Call Chain = SCD_CMD_CONF &rArr; cz_atol &rArr; _cz_strtoxl &rArr; __aeabi_uidivmod
</UL>
<BR>[Calls]<UL><LI><a href="#[42]">&gt;&gt;</a>&nbsp;&nbsp;&nbsp;cz_atol
</UL>
<BR>[Address Reference Count : 1]<UL><LI> scd.o(.data)
</UL>
<P><STRONG><a name="[2c]"></a>SCD_CMD_DUMP</STRONG> (Thumb, 44 bytes, Stack size 24 bytes, scd.o(i.SCD_CMD_DUMP))
<BR><BR>[Stack]<UL><LI>Max Depth = 100<LI>Call Chain = SCD_CMD_DUMP &rArr; cz_atol &rArr; _cz_strtoxl &rArr; __aeabi_uidivmod
</UL>
<BR>[Calls]<UL><LI><a href="#[42]">&gt;&gt;</a>&nbsp;&nbsp;&nbsp;cz_atol
</UL>
<BR>[Address Reference Count : 1]<UL><LI> scd.o(.data)
</UL>
<P><STRONG><a name="[29]"></a>SCD_CMD_SET</STRONG> (Thumb, 156 bytes, Stack size 24 bytes, scd.o(i.SCD_CMD_SET))
<BR><BR>[Stack]<UL><LI>Max Depth = 140<LI>Call Chain = SCD_CMD_SET &rArr; atof_tyj &rArr; _cz_strtoxl &rArr; __aeabi_uidivmod
</UL>
<BR>[Calls]<UL><LI><a href="#[42]">&gt;&gt;</a>&nbsp;&nbsp;&nbsp;cz_atol
<LI><a href="#[43]">&gt;&gt;</a>&nbsp;&nbsp;&nbsp;atof_tyj
</UL>
<BR>[Address Reference Count : 1]<UL><LI> scd.o(.data)
</UL>
<P><STRONG><a name="[45]"></a>SCD_cmd_handle</STRONG> (Thumb, 290 bytes, Stack size 40 bytes, scd.o(i.SCD_cmd_handle))
<BR><BR>[Stack]<UL><LI>Max Depth = 40<LI>Call Chain = SCD_cmd_handle
</UL>
<BR>[Called By]<UL><LI><a href="#[44]">&gt;&gt;</a>&nbsp;&nbsp;&nbsp;SCD_Rev1Byte
</UL>

<P><STRONG><a name="[30]"></a>SCO_DEBUG</STRONG> (Thumb, 20 bytes, Stack size 0 bytes, scd.o(i.SCO_DEBUG))
<BR>[Address Reference Count : 1]<UL><LI> scd.o(.data)
</UL>
<P><STRONG><a name="[31]"></a>SCO_DUMP</STRONG> (Thumb, 524 bytes, Stack size 32 bytes, scd.o(i.SCO_DUMP))
<BR><BR>[Stack]<UL><LI>Max Depth = 52 + In Cycle
<LI>Call Chain = SCO_DUMP &rArr;  SCO_DUMP (Cycle)
</UL>
<BR>[Calls]<UL><LI><a href="#[3e]">&gt;&gt;</a>&nbsp;&nbsp;&nbsp;__aeabi_ui2f
<LI><a href="#[3d]">&gt;&gt;</a>&nbsp;&nbsp;&nbsp;__aeabi_i2f
<LI><a href="#[31]">&gt;&gt;</a>&nbsp;&nbsp;&nbsp;SCO_DUMP
</UL>
<BR>[Called By]<UL><LI><a href="#[31]">&gt;&gt;</a>&nbsp;&nbsp;&nbsp;SCO_DUMP
</UL>
<BR>[Address Reference Count : 1]<UL><LI> scd.o(.data)
</UL>
<P><STRONG><a name="[32]"></a>SCO_PRINT</STRONG> (Thumb, 152 bytes, Stack size 8 bytes, scd.o(i.SCO_PRINT))
<BR><BR>[Stack]<UL><LI>Max Depth = 8<LI>Call Chain = SCO_PRINT
</UL>
<BR>[Address Reference Count : 1]<UL><LI> scd.o(.data)
</UL>
<P><STRONG><a name="[2f]"></a>SCO_VAR</STRONG> (Thumb, 384 bytes, Stack size 40 bytes, scd.o(i.SCO_VAR))
<BR><BR>[Stack]<UL><LI>Max Depth = 60 + In Cycle
<LI>Call Chain = SCO_VAR &rArr;  SCO_VAR (Cycle)
</UL>
<BR>[Calls]<UL><LI><a href="#[3e]">&gt;&gt;</a>&nbsp;&nbsp;&nbsp;__aeabi_ui2f
<LI><a href="#[3d]">&gt;&gt;</a>&nbsp;&nbsp;&nbsp;__aeabi_i2f
<LI><a href="#[2f]">&gt;&gt;</a>&nbsp;&nbsp;&nbsp;SCO_VAR
</UL>
<BR>[Called By]<UL><LI><a href="#[2f]">&gt;&gt;</a>&nbsp;&nbsp;&nbsp;SCO_VAR
</UL>
<BR>[Address Reference Count : 1]<UL><LI> scd.o(.data)
</UL>
<P><STRONG><a name="[2e]"></a>SCO_get</STRONG> (Thumb, 358 bytes, Stack size 48 bytes, scd.o(i.SCO_get))
<BR><BR>[Stack]<UL><LI>Max Depth = 68 + In Cycle
<LI>Call Chain = SCO_get &rArr;  SCO_get (Cycle)
</UL>
<BR>[Calls]<UL><LI><a href="#[3e]">&gt;&gt;</a>&nbsp;&nbsp;&nbsp;__aeabi_ui2f
<LI><a href="#[3d]">&gt;&gt;</a>&nbsp;&nbsp;&nbsp;__aeabi_i2f
<LI><a href="#[2e]">&gt;&gt;</a>&nbsp;&nbsp;&nbsp;SCO_get
</UL>
<BR>[Called By]<UL><LI><a href="#[2e]">&gt;&gt;</a>&nbsp;&nbsp;&nbsp;SCO_get
</UL>
<BR>[Address Reference Count : 1]<UL><LI> scd.o(.data)
</UL>
<P><STRONG><a name="[46]"></a>_atof_pow10</STRONG> (Thumb, 46 bytes, Stack size 16 bytes, scd.o(i._atof_pow10))
<BR><BR>[Stack]<UL><LI>Max Depth = 32<LI>Call Chain = _atof_pow10 &rArr; __aeabi_fmul
</UL>
<BR>[Calls]<UL><LI><a href="#[47]">&gt;&gt;</a>&nbsp;&nbsp;&nbsp;__aeabi_fmul
</UL>
<BR>[Called By]<UL><LI><a href="#[43]">&gt;&gt;</a>&nbsp;&nbsp;&nbsp;atof_tyj
</UL>

<P><STRONG><a name="[48]"></a>_cz_strtoxl</STRONG> (Thumb, 520 bytes, Stack size 56 bytes, scd.o(i._cz_strtoxl))
<BR><BR>[Stack]<UL><LI>Max Depth = 68<LI>Call Chain = _cz_strtoxl &rArr; __aeabi_uidivmod
</UL>
<BR>[Calls]<UL><LI><a href="#[41]">&gt;&gt;</a>&nbsp;&nbsp;&nbsp;__aeabi_uidivmod
</UL>
<BR>[Called By]<UL><LI><a href="#[42]">&gt;&gt;</a>&nbsp;&nbsp;&nbsp;cz_atol
<LI><a href="#[43]">&gt;&gt;</a>&nbsp;&nbsp;&nbsp;atof_tyj
</UL>

<P><STRONG><a name="[43]"></a>atof_tyj</STRONG> (Thumb, 228 bytes, Stack size 48 bytes, scd.o(i.atof_tyj))
<BR><BR>[Stack]<UL><LI>Max Depth = 116<LI>Call Chain = atof_tyj &rArr; _cz_strtoxl &rArr; __aeabi_uidivmod
</UL>
<BR>[Calls]<UL><LI><a href="#[3d]">&gt;&gt;</a>&nbsp;&nbsp;&nbsp;__aeabi_i2f
<LI><a href="#[3b]">&gt;&gt;</a>&nbsp;&nbsp;&nbsp;__aeabi_fsub
<LI><a href="#[38]">&gt;&gt;</a>&nbsp;&nbsp;&nbsp;__aeabi_fadd
<LI><a href="#[48]">&gt;&gt;</a>&nbsp;&nbsp;&nbsp;_cz_strtoxl
<LI><a href="#[46]">&gt;&gt;</a>&nbsp;&nbsp;&nbsp;_atof_pow10
</UL>
<BR>[Called By]<UL><LI><a href="#[29]">&gt;&gt;</a>&nbsp;&nbsp;&nbsp;SCD_CMD_SET
</UL>

<P><STRONG><a name="[42]"></a>cz_atol</STRONG> (Thumb, 18 bytes, Stack size 8 bytes, scd.o(i.cz_atol))
<BR><BR>[Stack]<UL><LI>Max Depth = 76<LI>Call Chain = cz_atol &rArr; _cz_strtoxl &rArr; __aeabi_uidivmod
</UL>
<BR>[Calls]<UL><LI><a href="#[48]">&gt;&gt;</a>&nbsp;&nbsp;&nbsp;_cz_strtoxl
</UL>
<BR>[Called By]<UL><LI><a href="#[29]">&gt;&gt;</a>&nbsp;&nbsp;&nbsp;SCD_CMD_SET
<LI><a href="#[2c]">&gt;&gt;</a>&nbsp;&nbsp;&nbsp;SCD_CMD_DUMP
<LI><a href="#[2a]">&gt;&gt;</a>&nbsp;&nbsp;&nbsp;SCD_CMD_CONF
<LI><a href="#[2b]">&gt;&gt;</a>&nbsp;&nbsp;&nbsp;SCD_CMD_CHG
<LI><a href="#[2d]">&gt;&gt;</a>&nbsp;&nbsp;&nbsp;SCD_CMD_CALL
</UL>
<P>
<H3>
Undefined Global Symbols
</H3>
<P><STRONG><a name="[36]"></a>__arm_fini_</STRONG> (Unknown, 0 bytes, Stack size 0 bytes, UNDEFINED)
<BR><BR>[Called By]<UL><LI><a href="#[35]">&gt;&gt;</a>&nbsp;&nbsp;&nbsp;__rt_lib_shutdown_fini
</UL>
<HR></body></html>
