Component: ARM Compiler 5.06 update 7 (build 960) Tool: armlink [4d3601]

==============================================================================

Section Cross References

    system_cmsdk_cm0.o(i.SystemCoreClockUpdate) refers to system_cmsdk_cm0.o(.data) for SystemFrequency
    system_cmsdk_cm0.o(i.SystemInit) refers to system_cmsdk_cm0.o(.data) for SystemFrequency
    startup_cmsdk_cm0.o(RESET) refers to startup_cmsdk_cm0.o(STACK) for __initial_sp
    startup_cmsdk_cm0.o(RESET) refers to startup_cmsdk_cm0.o(.text) for Reset_Handler
    startup_cmsdk_cm0.o(RESET) refers to int_handlers.o(i.SysTick_Handler) for SysTick_Handler
    startup_cmsdk_cm0.o(.text) refers to system_cmsdk_cm0.o(i.SystemInit) for SystemInit
    startup_cmsdk_cm0.o(.text) refers to entry.o(.ARM.Collect$$$$00000000) for __main
    delay.o(i.DELAY_TICK) refers to uidiv.o(.text) for __aeabi_uidivmod
    delay.o(i.DELAY_TICK) refers to delay.o(.emb_text) for SysCtlDelay
    int_handlers.o(i.SysTick_Handler) refers to main.o(.data) for ms_cnt
    main.o(i.main) refers to uidiv.o(.text) for __aeabi_uidivmod
    main.o(i.main) refers to main.o(i.NVIC_SetPriority) for NVIC_SetPriority
    main.o(i.main) refers to main.o(i.uart_ahb_init) for uart_ahb_init
    main.o(i.main) refers to delay.o(i.delay_ms) for delay_ms
    main.o(i.main) refers to delay.o(i.DELAY_TICK) for DELAY_TICK
    main.o(i.main) refers to scd_reg.o(i.scd_init_1) for scd_init_1
    main.o(i.main) refers to scd.o(i.scd_send1Byte) for scd_send1Byte
    main.o(i.main) refers to scd.o(i.SCD_Rev1Byte) for SCD_Rev1Byte
    main.o(i.main) refers to system_cmsdk_cm0.o(.data) for SystemCoreClock
    main.o(i.main) refers to main.o(.data) for test3
    main.o(i.main) refers to scd_reg.o(.bss) for scd_1
    scd.o(i.SCD_CMD_CALL) refers to scd.o(i.cz_atol) for cz_atol
    scd.o(i.SCD_CMD_CHG) refers to scd.o(i.cz_atol) for cz_atol
    scd.o(i.SCD_CMD_CONF) refers to scd.o(i.cz_atol) for cz_atol
    scd.o(i.SCD_CMD_DUMP) refers to scd.o(i.cz_atol) for cz_atol
    scd.o(i.SCD_CMD_SET) refers to scd.o(i.atof_tyj) for atof_tyj
    scd.o(i.SCD_CMD_SET) refers to scd.o(i.cz_atol) for cz_atol
    scd.o(i.SCD_Rev1Byte) refers to scd.o(i.SCD_cmd_handle) for SCD_cmd_handle
    scd.o(i.SCD_cmd_handle) refers to scd.o(.constdata) for cz_ctype
    scd.o(i.SCD_cmd_handle) refers to scd.o(.data) for SCD_CMD_TAB
    scd.o(i.SCO_DUMP) refers to ffltui.o(.text) for __aeabi_ui2f
    scd.o(i.SCO_DUMP) refers to fflti.o(.text) for __aeabi_i2f
    scd.o(i.SCO_DUMP) refers to scd.o(.data) for checkUint16Sum
    scd.o(i.SCO_VAR) refers to ffltui.o(.text) for __aeabi_ui2f
    scd.o(i.SCO_VAR) refers to fflti.o(.text) for __aeabi_i2f
    scd.o(i.SCO_VAR) refers to scd.o(.data) for checkUint16Sum
    scd.o(i.SCO_get) refers to ffltui.o(.text) for __aeabi_ui2f
    scd.o(i.SCO_get) refers to fflti.o(.text) for __aeabi_i2f
    scd.o(i.SCO_get) refers to scd.o(.constdata) for .constdata
    scd.o(i._atof_pow10) refers to fmul.o(.text) for __aeabi_fmul
    scd.o(i._cz_strtoxl) refers to uidiv.o(.text) for __aeabi_uidivmod
    scd.o(i._cz_strtoxl) refers to scd.o(.constdata) for cz_ctype
    scd.o(i.atof_tyj) refers to scd.o(i._cz_strtoxl) for _cz_strtoxl
    scd.o(i.atof_tyj) refers to fflti.o(.text) for __aeabi_i2f
    scd.o(i.atof_tyj) refers to scd.o(i._atof_pow10) for _atof_pow10
    scd.o(i.atof_tyj) refers to fadd.o(.text) for __aeabi_fadd
    scd.o(i.atof_tyj) refers to scd.o(.constdata) for cz_ctype
    scd.o(i.cz_atol) refers to scd.o(i._cz_strtoxl) for _cz_strtoxl
    scd.o(i.scd_send1Byte) refers to scd.o(.data) for SCD_PROTOCOL_FCNS
    scd.o(.data) refers to scd.o(.conststring) for .conststring
    scd.o(.data) refers to scd.o(i.SCD_CMD_SET) for SCD_CMD_SET
    scd.o(.data) refers to scd.o(i.SCD_CMD_CONF) for SCD_CMD_CONF
    scd.o(.data) refers to scd.o(i.SCD_CMD_CHG) for SCD_CMD_CHG
    scd.o(.data) refers to scd.o(i.SCD_CMD_DUMP) for SCD_CMD_DUMP
    scd.o(.data) refers to scd.o(i.SCD_CMD_CALL) for SCD_CMD_CALL
    scd.o(.data) refers to scd.o(i.SCO_get) for SCO_get
    scd.o(.data) refers to scd.o(i.SCO_VAR) for SCO_VAR
    scd.o(.data) refers to scd.o(i.SCO_DEBUG) for SCO_DEBUG
    scd.o(.data) refers to scd.o(i.SCO_DUMP) for SCO_DUMP
    scd.o(.data) refers to scd.o(i.SCO_PRINT) for SCO_PRINT
    scd_reg.o(i.scd_init_1) refers to scd_reg.o(.constdata) for tyj_unit_struct_1
    scd_reg.o(i.scd_init_1) refers to scd_reg.o(.bss) for scd_1
    scd_reg.o(i.scd_init_1) refers to scd_reg.o(.data) for endBuff1_1
    scd_reg.o(.constdata) refers to main.o(.data) for ms_cnt
    entry.o(.ARM.Collect$$$$00000000) refers (Special) to entry10a.o(.ARM.Collect$$$$0000000F) for __rt_final_cpp
    entry.o(.ARM.Collect$$$$00000000) refers (Special) to entry11a.o(.ARM.Collect$$$$00000011) for __rt_final_exit
    entry.o(.ARM.Collect$$$$00000000) refers (Special) to entry12b.o(.ARM.Collect$$$$0000000E) for __rt_lib_shutdown_fini
    entry.o(.ARM.Collect$$$$00000000) refers (Special) to entry7b.o(.ARM.Collect$$$$00000008) for _main_clock
    entry.o(.ARM.Collect$$$$00000000) refers (Special) to entry8b.o(.ARM.Collect$$$$0000000A) for _main_cpp_init
    entry.o(.ARM.Collect$$$$00000000) refers (Special) to entry9a.o(.ARM.Collect$$$$0000000B) for _main_init
    entry.o(.ARM.Collect$$$$00000000) refers (Special) to entry5.o(.ARM.Collect$$$$00000004) for _main_scatterload
    entry.o(.ARM.Collect$$$$00000000) refers (Special) to entry2.o(.ARM.Collect$$$$00000001) for _main_stk
    fadd.o(.text) refers (Special) to iusefp.o(.text) for __I$use$fp
    fadd.o(.text) refers to fepilogue.o(.text) for _float_epilogue
    fmul.o(.text) refers (Special) to iusefp.o(.text) for __I$use$fp
    fflti.o(.text) refers (Special) to iusefp.o(.text) for __I$use$fp
    fflti.o(.text) refers to fepilogue.o(.text) for _float_epilogue
    ffltui.o(.text) refers (Special) to iusefp.o(.text) for __I$use$fp
    ffltui.o(.text) refers to fepilogue.o(.text) for _float_epilogue
    entry2.o(.ARM.Collect$$$$00000001) refers to entry2.o(.ARM.Collect$$$$00002712) for __lit__00000000
    entry2.o(.ARM.Collect$$$$00002712) refers to startup_cmsdk_cm0.o(STACK) for __initial_sp
    entry2.o(__vectab_stack_and_reset_area) refers to startup_cmsdk_cm0.o(STACK) for __initial_sp
    entry2.o(__vectab_stack_and_reset_area) refers to entry.o(.ARM.Collect$$$$00000000) for __main
    entry5.o(.ARM.Collect$$$$00000004) refers to init.o(.text) for __scatterload
    entry9a.o(.ARM.Collect$$$$0000000B) refers to main.o(i.main) for main
    entry9b.o(.ARM.Collect$$$$0000000C) refers to main.o(i.main) for main
    init.o(.text) refers to entry5.o(.ARM.Collect$$$$00000004) for __main_after_scatterload


==============================================================================

Removing Unused input sections from the image.

    Removing system_cmsdk_cm0.o(.rev16_text), (4 bytes).
    Removing system_cmsdk_cm0.o(.revsh_text), (4 bytes).
    Removing system_cmsdk_cm0.o(i.SystemCoreClockUpdate), (24 bytes).
    Removing startup_cmsdk_cm0.o(HEAP), (256 bytes).
    Removing delay.o(.rev16_text), (4 bytes).
    Removing delay.o(.revsh_text), (4 bytes).
    Removing main.o(.rev16_text), (4 bytes).
    Removing main.o(.revsh_text), (4 bytes).
    Removing main.o(.bss), (256 bytes).
    Removing scd.o(i.scd_print), (54 bytes).

10 unused section(s) (total 614 bytes) removed from the image.

==============================================================================

Image Symbol Table

    Local Symbols

    Symbol Name                              Value     Ov Type        Size  Object(Section)

    RESET                                    0x00000000   Section      192  startup_cmsdk_cm0.o(RESET)
    ../clib/microlib/division.c              0x00000000   Number         0  uidiv.o ABSOLUTE
    ../clib/microlib/init/entry.s            0x00000000   Number         0  entry12b.o ABSOLUTE
    ../clib/microlib/init/entry.s            0x00000000   Number         0  entry12a.o ABSOLUTE
    ../clib/microlib/init/entry.s            0x00000000   Number         0  entry11b.o ABSOLUTE
    ../clib/microlib/init/entry.s            0x00000000   Number         0  entry.o ABSOLUTE
    ../clib/microlib/init/entry.s            0x00000000   Number         0  entry11a.o ABSOLUTE
    ../clib/microlib/init/entry.s            0x00000000   Number         0  entry10b.o ABSOLUTE
    ../clib/microlib/init/entry.s            0x00000000   Number         0  entry10a.o ABSOLUTE
    ../clib/microlib/init/entry.s            0x00000000   Number         0  entry8b.o ABSOLUTE
    ../clib/microlib/init/entry.s            0x00000000   Number         0  entry2.o ABSOLUTE
    ../clib/microlib/init/entry.s            0x00000000   Number         0  entry5.o ABSOLUTE
    ../clib/microlib/init/entry.s            0x00000000   Number         0  entry7a.o ABSOLUTE
    ../clib/microlib/init/entry.s            0x00000000   Number         0  entry9b.o ABSOLUTE
    ../clib/microlib/init/entry.s            0x00000000   Number         0  entry7b.o ABSOLUTE
    ../clib/microlib/init/entry.s            0x00000000   Number         0  entry9a.o ABSOLUTE
    ../clib/microlib/init/entry.s            0x00000000   Number         0  entry8a.o ABSOLUTE
    ../clib/microlib/stubs.s                 0x00000000   Number         0  iusefp.o ABSOLUTE
    ../fplib/microlib/fpadd.c                0x00000000   Number         0  fadd.o ABSOLUTE
    ../fplib/microlib/fpepilogue.c           0x00000000   Number         0  fepilogue.o ABSOLUTE
    ../fplib/microlib/fpflt.c                0x00000000   Number         0  ffltui.o ABSOLUTE
    ../fplib/microlib/fpflt.c                0x00000000   Number         0  fflti.o ABSOLUTE
    ../fplib/microlib/fpmul.c                0x00000000   Number         0  fmul.o ABSOLUTE
    bsp\\device\\system_CMSDK_CM0.c          0x00000000   Number         0  system_cmsdk_cm0.o ABSOLUTE
    bsp\device\startup_CMSDK_CM0.s           0x00000000   Number         0  startup_cmsdk_cm0.o ABSOLUTE
    bsp\device\system_CMSDK_CM0.c            0x00000000   Number         0  system_cmsdk_cm0.o ABSOLUTE
    dc.s                                     0x00000000   Number         0  dc.o ABSOLUTE
    drv\\delay.c                             0x00000000   Number         0  delay.o ABSOLUTE
    drv\delay.c                              0x00000000   Number         0  delay.o ABSOLUTE
    handlers.s                               0x00000000   Number         0  handlers.o ABSOLUTE
    init.s                                   0x00000000   Number         0  init.o ABSOLUTE
    src\\main.c                              0x00000000   Number         0  main.o ABSOLUTE
    src\int_handlers.c                       0x00000000   Number         0  int_handlers.o ABSOLUTE
    src\main.c                               0x00000000   Number         0  main.o ABSOLUTE
    src\scd.c                                0x00000000   Number         0  scd.o ABSOLUTE
    src\scd_reg.c                            0x00000000   Number         0  scd_reg.o ABSOLUTE
    .ARM.Collect$$$$00000000                 0x000000c0   Section        0  entry.o(.ARM.Collect$$$$00000000)
    .ARM.Collect$$$$00000001                 0x000000c0   Section        4  entry2.o(.ARM.Collect$$$$00000001)
    .ARM.Collect$$$$00000004                 0x000000c4   Section        4  entry5.o(.ARM.Collect$$$$00000004)
    .ARM.Collect$$$$00000008                 0x000000c8   Section        0  entry7b.o(.ARM.Collect$$$$00000008)
    .ARM.Collect$$$$0000000A                 0x000000c8   Section        0  entry8b.o(.ARM.Collect$$$$0000000A)
    .ARM.Collect$$$$0000000B                 0x000000c8   Section        8  entry9a.o(.ARM.Collect$$$$0000000B)
    .ARM.Collect$$$$0000000E                 0x000000d0   Section        4  entry12b.o(.ARM.Collect$$$$0000000E)
    .ARM.Collect$$$$0000000F                 0x000000d4   Section        0  entry10a.o(.ARM.Collect$$$$0000000F)
    .ARM.Collect$$$$00000011                 0x000000d4   Section        0  entry11a.o(.ARM.Collect$$$$00000011)
    .ARM.Collect$$$$00002712                 0x000000d4   Section        4  entry2.o(.ARM.Collect$$$$00002712)
    __lit__00000000                          0x000000d4   Data           4  entry2.o(.ARM.Collect$$$$00002712)
    .emb_text                                0x000000d8   Section        6  delay.o(.emb_text)
    .text                                    0x000000e0   Section       32  startup_cmsdk_cm0.o(.text)
    .text                                    0x00000100   Section        0  uidiv.o(.text)
    .text                                    0x0000012c   Section        0  fadd.o(.text)
    .text                                    0x000001de   Section        0  fmul.o(.text)
    .text                                    0x00000258   Section        0  fflti.o(.text)
    .text                                    0x0000026e   Section        0  ffltui.o(.text)
    .text                                    0x0000027c   Section        0  iusefp.o(.text)
    .text                                    0x0000027c   Section        0  fepilogue.o(.text)
    .text                                    0x00000300   Section       36  init.o(.text)
    i.DELAY_TICK                             0x00000324   Section        0  delay.o(i.DELAY_TICK)
    i.NVIC_SetPriority                       0x00000348   Section        0  main.o(i.NVIC_SetPriority)
    NVIC_SetPriority                         0x00000349   Thumb Code   110  main.o(i.NVIC_SetPriority)
    i.SCD_CMD_CALL                           0x000003c0   Section        0  scd.o(i.SCD_CMD_CALL)
    SCD_CMD_CALL                             0x000003c1   Thumb Code    46  scd.o(i.SCD_CMD_CALL)
    i.SCD_CMD_CHG                            0x000003ee   Section        0  scd.o(i.SCD_CMD_CHG)
    SCD_CMD_CHG                              0x000003ef   Thumb Code    32  scd.o(i.SCD_CMD_CHG)
    i.SCD_CMD_CONF                           0x0000040e   Section        0  scd.o(i.SCD_CMD_CONF)
    SCD_CMD_CONF                             0x0000040f   Thumb Code    34  scd.o(i.SCD_CMD_CONF)
    i.SCD_CMD_DUMP                           0x00000430   Section        0  scd.o(i.SCD_CMD_DUMP)
    SCD_CMD_DUMP                             0x00000431   Thumb Code    44  scd.o(i.SCD_CMD_DUMP)
    i.SCD_CMD_SET                            0x0000045c   Section        0  scd.o(i.SCD_CMD_SET)
    SCD_CMD_SET                              0x0000045d   Thumb Code   156  scd.o(i.SCD_CMD_SET)
    i.SCD_Rev1Byte                           0x000004f8   Section        0  scd.o(i.SCD_Rev1Byte)
    i.SCD_cmd_handle                         0x00000584   Section        0  scd.o(i.SCD_cmd_handle)
    SCD_cmd_handle                           0x00000585   Thumb Code   290  scd.o(i.SCD_cmd_handle)
    i.SCO_DEBUG                              0x000006b4   Section        0  scd.o(i.SCO_DEBUG)
    SCO_DEBUG                                0x000006b5   Thumb Code    20  scd.o(i.SCO_DEBUG)
    i.SCO_DUMP                               0x000006c8   Section        0  scd.o(i.SCO_DUMP)
    SCO_DUMP                                 0x000006c9   Thumb Code   524  scd.o(i.SCO_DUMP)
    i.SCO_PRINT                              0x000008dc   Section        0  scd.o(i.SCO_PRINT)
    SCO_PRINT                                0x000008dd   Thumb Code   152  scd.o(i.SCO_PRINT)
    i.SCO_VAR                                0x00000974   Section        0  scd.o(i.SCO_VAR)
    SCO_VAR                                  0x00000975   Thumb Code   384  scd.o(i.SCO_VAR)
    i.SCO_get                                0x00000af8   Section        0  scd.o(i.SCO_get)
    SCO_get                                  0x00000af9   Thumb Code   358  scd.o(i.SCO_get)
    i.SysTick_Handler                        0x00000c64   Section        0  int_handlers.o(i.SysTick_Handler)
    i.SystemInit                             0x00000c74   Section        0  system_cmsdk_cm0.o(i.SystemInit)
    i.__scatterload_copy                     0x00000c8c   Section       14  handlers.o(i.__scatterload_copy)
    i.__scatterload_null                     0x00000c9a   Section        2  handlers.o(i.__scatterload_null)
    i.__scatterload_zeroinit                 0x00000c9c   Section       14  handlers.o(i.__scatterload_zeroinit)
    i._atof_pow10                            0x00000cac   Section        0  scd.o(i._atof_pow10)
    _atof_pow10                              0x00000cad   Thumb Code    46  scd.o(i._atof_pow10)
    i._cz_strtoxl                            0x00000ce4   Section        0  scd.o(i._cz_strtoxl)
    _cz_strtoxl                              0x00000ce5   Thumb Code   520  scd.o(i._cz_strtoxl)
    i.atof_tyj                               0x00000ef4   Section        0  scd.o(i.atof_tyj)
    atof_tyj                                 0x00000ef5   Thumb Code   228  scd.o(i.atof_tyj)
    i.cz_atol                                0x00000fdc   Section        0  scd.o(i.cz_atol)
    cz_atol                                  0x00000fdd   Thumb Code    18  scd.o(i.cz_atol)
    i.delay_ms                               0x00000ff0   Section        0  delay.o(i.delay_ms)
    i.main                                   0x00001010   Section        0  main.o(i.main)
    i.scd_init_1                             0x000010d4   Section        0  scd_reg.o(i.scd_init_1)
    i.scd_send1Byte                          0x00001150   Section        0  scd.o(i.scd_send1Byte)
    i.uart_ahb_init                          0x000011a0   Section        0  main.o(i.uart_ahb_init)
    .constdata                               0x000011e4   Section     1029  scd.o(.constdata)
    .constdata                               0x000015ec   Section       72  scd_reg.o(.constdata)
    .conststring                             0x00001634   Section       32  scd.o(.conststring)
    .data                                    0x20000000   Section        8  system_cmsdk_cm0.o(.data)
    .data                                    0x20000008   Section       23  main.o(.data)
    .data                                    0x20000020   Section       64  scd.o(.data)
    SCD_CMD_TAB                              0x20000020   Data          20  scd.o(.data)
    SCD_CMD_FCNS                             0x20000034   Data          20  scd.o(.data)
    SCD_PROTOCOL_FCNS                        0x20000048   Data          20  scd.o(.data)
    checkUint16Sum                           0x2000005c   Data           2  scd.o(.data)
    checkUint16Sum                           0x2000005e   Data           2  scd.o(.data)
    .data                                    0x20000060   Section       16  scd_reg.o(.data)
    .bss                                     0x20000070   Section      224  scd_reg.o(.bss)
    STACK                                    0x20000150   Section     1024  startup_cmsdk_cm0.o(STACK)

    Global Symbols

    Symbol Name                              Value     Ov Type        Size  Object(Section)

    BuildAttributes$$THM_ISAv3M$S$PE$A:L22$X:L11$S22$IEEE1$IW$USESV6$~STKCKD$USESV7$~SHL$OTIME$ROPI$EBA8$MICROLIB$REQ8$PRES8$EABIv2 0x00000000   Number         0  anon$$obj.o ABSOLUTE
    __ARM_use_no_argv                        0x00000000   Number         0  main.o ABSOLUTE
    __Vectors                                0x00000000   Data           4  startup_cmsdk_cm0.o(RESET)
    __arm_fini_                               - Undefined Weak Reference
    __cpp_initialize__aeabi_                  - Undefined Weak Reference
    __cxa_finalize                            - Undefined Weak Reference
    __decompress                              - Undefined Weak Reference
    _clock_init                               - Undefined Weak Reference
    _microlib_exit                            - Undefined Weak Reference
    __Vectors_End                            0x000000c0   Data           0  startup_cmsdk_cm0.o(RESET)
    __Vectors_Size                           0x000000c0   Number         0  startup_cmsdk_cm0.o ABSOLUTE
    __main                                   0x000000c1   Thumb Code     0  entry.o(.ARM.Collect$$$$00000000)
    _main_stk                                0x000000c1   Thumb Code     0  entry2.o(.ARM.Collect$$$$00000001)
    _main_scatterload                        0x000000c5   Thumb Code     0  entry5.o(.ARM.Collect$$$$00000004)
    __main_after_scatterload                 0x000000c9   Thumb Code     0  entry5.o(.ARM.Collect$$$$00000004)
    _main_clock                              0x000000c9   Thumb Code     0  entry7b.o(.ARM.Collect$$$$00000008)
    _main_cpp_init                           0x000000c9   Thumb Code     0  entry8b.o(.ARM.Collect$$$$0000000A)
    _main_init                               0x000000c9   Thumb Code     0  entry9a.o(.ARM.Collect$$$$0000000B)
    __rt_lib_shutdown_fini                   0x000000d1   Thumb Code     0  entry12b.o(.ARM.Collect$$$$0000000E)
    __rt_final_cpp                           0x000000d5   Thumb Code     0  entry10a.o(.ARM.Collect$$$$0000000F)
    __rt_final_exit                          0x000000d5   Thumb Code     0  entry11a.o(.ARM.Collect$$$$00000011)
    SysCtlDelay                              0x000000d9   Thumb Code     6  delay.o(.emb_text)
    Reset_Handler                            0x000000e1   Thumb Code    12  startup_cmsdk_cm0.o(.text)
    NMI_Handler                              0x000000ed   Thumb Code     2  startup_cmsdk_cm0.o(.text)
    HardFault_Handler                        0x000000ef   Thumb Code     2  startup_cmsdk_cm0.o(.text)
    SVC_Handler                              0x000000f1   Thumb Code     2  startup_cmsdk_cm0.o(.text)
    PendSV_Handler                           0x000000f3   Thumb Code     2  startup_cmsdk_cm0.o(.text)
    DMA_Handler                              0x000000f7   Thumb Code     0  startup_cmsdk_cm0.o(.text)
    DUALTIMER_HANDLER                        0x000000f7   Thumb Code     0  startup_cmsdk_cm0.o(.text)
    ETHERNET_Handler                         0x000000f7   Thumb Code     0  startup_cmsdk_cm0.o(.text)
    I2S_Handler                              0x000000f7   Thumb Code     0  startup_cmsdk_cm0.o(.text)
    PORT0_0_Handler                          0x000000f7   Thumb Code     0  startup_cmsdk_cm0.o(.text)
    PORT0_10_Handler                         0x000000f7   Thumb Code     0  startup_cmsdk_cm0.o(.text)
    PORT0_11_Handler                         0x000000f7   Thumb Code     0  startup_cmsdk_cm0.o(.text)
    PORT0_12_Handler                         0x000000f7   Thumb Code     0  startup_cmsdk_cm0.o(.text)
    PORT0_13_Handler                         0x000000f7   Thumb Code     0  startup_cmsdk_cm0.o(.text)
    PORT0_14_Handler                         0x000000f7   Thumb Code     0  startup_cmsdk_cm0.o(.text)
    PORT0_15_Handler                         0x000000f7   Thumb Code     0  startup_cmsdk_cm0.o(.text)
    PORT0_1_Handler                          0x000000f7   Thumb Code     0  startup_cmsdk_cm0.o(.text)
    PORT0_2_Handler                          0x000000f7   Thumb Code     0  startup_cmsdk_cm0.o(.text)
    PORT0_3_Handler                          0x000000f7   Thumb Code     0  startup_cmsdk_cm0.o(.text)
    PORT0_4_Handler                          0x000000f7   Thumb Code     0  startup_cmsdk_cm0.o(.text)
    PORT0_5_Handler                          0x000000f7   Thumb Code     0  startup_cmsdk_cm0.o(.text)
    PORT0_6_Handler                          0x000000f7   Thumb Code     0  startup_cmsdk_cm0.o(.text)
    PORT0_7_Handler                          0x000000f7   Thumb Code     0  startup_cmsdk_cm0.o(.text)
    PORT0_8_Handler                          0x000000f7   Thumb Code     0  startup_cmsdk_cm0.o(.text)
    PORT0_9_Handler                          0x000000f7   Thumb Code     0  startup_cmsdk_cm0.o(.text)
    PORT0_COMB_Handler                       0x000000f7   Thumb Code     0  startup_cmsdk_cm0.o(.text)
    PORT1_COMB_Handler                       0x000000f7   Thumb Code     0  startup_cmsdk_cm0.o(.text)
    SPI_ALL_Handler                          0x000000f7   Thumb Code     0  startup_cmsdk_cm0.o(.text)
    TIMER0_Handler                           0x000000f7   Thumb Code     0  startup_cmsdk_cm0.o(.text)
    TIMER1_Handler                           0x000000f7   Thumb Code     0  startup_cmsdk_cm0.o(.text)
    UARTOVF_Handler                          0x000000f7   Thumb Code     0  startup_cmsdk_cm0.o(.text)
    UARTRX0_Handler                          0x000000f7   Thumb Code     0  startup_cmsdk_cm0.o(.text)
    UARTRX1_Handler                          0x000000f7   Thumb Code     0  startup_cmsdk_cm0.o(.text)
    UARTRX2_Handler                          0x000000f7   Thumb Code     0  startup_cmsdk_cm0.o(.text)
    UARTTX0_Handler                          0x000000f7   Thumb Code     0  startup_cmsdk_cm0.o(.text)
    UARTTX1_Handler                          0x000000f7   Thumb Code     0  startup_cmsdk_cm0.o(.text)
    UARTTX2_Handler                          0x000000f7   Thumb Code     0  startup_cmsdk_cm0.o(.text)
    __aeabi_uidiv                            0x00000101   Thumb Code     0  uidiv.o(.text)
    __aeabi_uidivmod                         0x00000101   Thumb Code    44  uidiv.o(.text)
    __aeabi_fadd                             0x0000012d   Thumb Code   162  fadd.o(.text)
    __aeabi_fsub                             0x000001cf   Thumb Code     8  fadd.o(.text)
    __aeabi_frsub                            0x000001d7   Thumb Code     8  fadd.o(.text)
    __aeabi_fmul                             0x000001df   Thumb Code   122  fmul.o(.text)
    __aeabi_i2f                              0x00000259   Thumb Code    22  fflti.o(.text)
    __aeabi_ui2f                             0x0000026f   Thumb Code    14  ffltui.o(.text)
    __I$use$fp                               0x0000027d   Thumb Code     0  iusefp.o(.text)
    _float_round                             0x0000027d   Thumb Code    16  fepilogue.o(.text)
    _float_epilogue                          0x0000028d   Thumb Code   114  fepilogue.o(.text)
    __scatterload                            0x00000301   Thumb Code    28  init.o(.text)
    __scatterload_rt2                        0x00000301   Thumb Code     0  init.o(.text)
    DELAY_TICK                               0x00000325   Thumb Code    36  delay.o(i.DELAY_TICK)
    SCD_Rev1Byte                             0x000004f9   Thumb Code   138  scd.o(i.SCD_Rev1Byte)
    SysTick_Handler                          0x00000c65   Thumb Code    12  int_handlers.o(i.SysTick_Handler)
    SystemInit                               0x00000c75   Thumb Code    12  system_cmsdk_cm0.o(i.SystemInit)
    __scatterload_copy                       0x00000c8d   Thumb Code    14  handlers.o(i.__scatterload_copy)
    __scatterload_null                       0x00000c9b   Thumb Code     2  handlers.o(i.__scatterload_null)
    __scatterload_zeroinit                   0x00000c9d   Thumb Code    14  handlers.o(i.__scatterload_zeroinit)
    delay_ms                                 0x00000ff1   Thumb Code    28  delay.o(i.delay_ms)
    main                                     0x00001011   Thumb Code   158  main.o(i.main)
    scd_init_1                               0x000010d5   Thumb Code    92  scd_reg.o(i.scd_init_1)
    scd_send1Byte                            0x00001151   Thumb Code    74  scd.o(i.scd_send1Byte)
    uart_ahb_init                            0x000011a1   Thumb Code    66  main.o(i.uart_ahb_init)
    cz_ctype                                 0x000011e4   Data        1024  scd.o(.constdata)
    tyj_unit_struct_1                        0x000015ec   Data          72  scd_reg.o(.constdata)
    Region$$Table$$Base                      0x00001654   Number         0  anon$$obj.o(Region$$Table)
    Region$$Table$$Limit                     0x00001674   Number         0  anon$$obj.o(Region$$Table)
    SystemFrequency                          0x20000000   Data           4  system_cmsdk_cm0.o(.data)
    SystemCoreClock                          0x20000004   Data           4  system_cmsdk_cm0.o(.data)
    ms_cnt                                   0x20000008   Data           4  main.o(.data)
    test1                                    0x2000000c   Data           2  main.o(.data)
    test2                                    0x2000000e   Data           2  main.o(.data)
    test3                                    0x20000010   Data           2  main.o(.data)
    test4                                    0x20000012   Data           2  main.o(.data)
    test1r                                   0x20000014   Data           2  main.o(.data)
    test2r                                   0x20000016   Data           2  main.o(.data)
    test3r                                   0x20000018   Data           2  main.o(.data)
    test4r                                   0x2000001a   Data           2  main.o(.data)
    txdata                                   0x2000001c   Data           1  main.o(.data)
    rxdata                                   0x2000001d   Data           1  main.o(.data)
    rxbuffptr                                0x2000001e   Data           1  main.o(.data)
    endBuff1_1                               0x20000060   Data           4  scd_reg.o(.data)
    endBuff2_1                               0x20000064   Data           8  scd_reg.o(.data)
    endBuff3_1                               0x2000006c   Data           4  scd_reg.o(.data)
    recBuff_1                                0x20000070   Data          80  scd_reg.o(.bss)
    printBuff_1                              0x200000c0   Data          40  scd_reg.o(.bss)
    scd_1                                    0x200000e8   Data         104  scd_reg.o(.bss)
    __initial_sp                             0x20000550   Data           0  startup_cmsdk_cm0.o(STACK)



==============================================================================

Memory Map of the image

  Image Entry point : 0x000000c1

  Load Region LR_IROM1 (Base: 0x00000000, Size: 0x000016e4, Max: 0x00004000, ABSOLUTE)

    Execution Region ER_IROM1 (Exec base: 0x00000000, Load base: 0x00000000, Size: 0x00001674, Max: 0x00004000, ABSOLUTE)

    Exec Addr    Load Addr    Size         Type   Attr      Idx    E Section Name        Object

    0x00000000   0x00000000   0x000000c0   Data   RO           53    RESET               startup_cmsdk_cm0.o
    0x000000c0   0x000000c0   0x00000000   Code   RO          295  * .ARM.Collect$$$$00000000  mc_p.l(entry.o)
    0x000000c0   0x000000c0   0x00000004   Code   RO          308    .ARM.Collect$$$$00000001  mc_p.l(entry2.o)
    0x000000c4   0x000000c4   0x00000004   Code   RO          311    .ARM.Collect$$$$00000004  mc_p.l(entry5.o)
    0x000000c8   0x000000c8   0x00000000   Code   RO          313    .ARM.Collect$$$$00000008  mc_p.l(entry7b.o)
    0x000000c8   0x000000c8   0x00000000   Code   RO          315    .ARM.Collect$$$$0000000A  mc_p.l(entry8b.o)
    0x000000c8   0x000000c8   0x00000008   Code   RO          316    .ARM.Collect$$$$0000000B  mc_p.l(entry9a.o)
    0x000000d0   0x000000d0   0x00000004   Code   RO          323    .ARM.Collect$$$$0000000E  mc_p.l(entry12b.o)
    0x000000d4   0x000000d4   0x00000000   Code   RO          318    .ARM.Collect$$$$0000000F  mc_p.l(entry10a.o)
    0x000000d4   0x000000d4   0x00000000   Code   RO          320    .ARM.Collect$$$$00000011  mc_p.l(entry11a.o)
    0x000000d4   0x000000d4   0x00000004   Code   RO          309    .ARM.Collect$$$$00002712  mc_p.l(entry2.o)
    0x000000d8   0x000000d8   0x00000006   Code   RO           60    .emb_text           delay.o
    0x000000de   0x000000de   0x00000002   PAD
    0x000000e0   0x000000e0   0x00000020   Code   RO           54    .text               startup_cmsdk_cm0.o
    0x00000100   0x00000100   0x0000002c   Code   RO          298    .text               mc_p.l(uidiv.o)
    0x0000012c   0x0000012c   0x000000b2   Code   RO          300    .text               mf_p.l(fadd.o)
    0x000001de   0x000001de   0x0000007a   Code   RO          302    .text               mf_p.l(fmul.o)
    0x00000258   0x00000258   0x00000016   Code   RO          304    .text               mf_p.l(fflti.o)
    0x0000026e   0x0000026e   0x0000000e   Code   RO          306    .text               mf_p.l(ffltui.o)
    0x0000027c   0x0000027c   0x00000000   Code   RO          324    .text               mc_p.l(iusefp.o)
    0x0000027c   0x0000027c   0x00000082   Code   RO          325    .text               mf_p.l(fepilogue.o)
    0x000002fe   0x000002fe   0x00000002   PAD
    0x00000300   0x00000300   0x00000024   Code   RO          327    .text               mc_p.l(init.o)
    0x00000324   0x00000324   0x00000024   Code   RO           61    i.DELAY_TICK        delay.o
    0x00000348   0x00000348   0x00000078   Code   RO          129    i.NVIC_SetPriority  main.o
    0x000003c0   0x000003c0   0x0000002e   Code   RO          171    i.SCD_CMD_CALL      scd.o
    0x000003ee   0x000003ee   0x00000020   Code   RO          172    i.SCD_CMD_CHG       scd.o
    0x0000040e   0x0000040e   0x00000022   Code   RO          173    i.SCD_CMD_CONF      scd.o
    0x00000430   0x00000430   0x0000002c   Code   RO          174    i.SCD_CMD_DUMP      scd.o
    0x0000045c   0x0000045c   0x0000009c   Code   RO          175    i.SCD_CMD_SET       scd.o
    0x000004f8   0x000004f8   0x0000008a   Code   RO          176    i.SCD_Rev1Byte      scd.o
    0x00000582   0x00000582   0x00000002   PAD
    0x00000584   0x00000584   0x00000130   Code   RO          177    i.SCD_cmd_handle    scd.o
    0x000006b4   0x000006b4   0x00000014   Code   RO          178    i.SCO_DEBUG         scd.o
    0x000006c8   0x000006c8   0x00000214   Code   RO          179    i.SCO_DUMP          scd.o
    0x000008dc   0x000008dc   0x00000098   Code   RO          180    i.SCO_PRINT         scd.o
    0x00000974   0x00000974   0x00000184   Code   RO          181    i.SCO_VAR           scd.o
    0x00000af8   0x00000af8   0x0000016c   Code   RO          182    i.SCO_get           scd.o
    0x00000c64   0x00000c64   0x00000010   Code   RO          101    i.SysTick_Handler   int_handlers.o
    0x00000c74   0x00000c74   0x00000018   Code   RO            4    i.SystemInit        system_cmsdk_cm0.o
    0x00000c8c   0x00000c8c   0x0000000e   Code   RO          331    i.__scatterload_copy  mc_p.l(handlers.o)
    0x00000c9a   0x00000c9a   0x00000002   Code   RO          332    i.__scatterload_null  mc_p.l(handlers.o)
    0x00000c9c   0x00000c9c   0x0000000e   Code   RO          333    i.__scatterload_zeroinit  mc_p.l(handlers.o)
    0x00000caa   0x00000caa   0x00000002   PAD
    0x00000cac   0x00000cac   0x00000038   Code   RO          183    i._atof_pow10       scd.o
    0x00000ce4   0x00000ce4   0x00000210   Code   RO          184    i._cz_strtoxl       scd.o
    0x00000ef4   0x00000ef4   0x000000e8   Code   RO          185    i.atof_tyj          scd.o
    0x00000fdc   0x00000fdc   0x00000012   Code   RO          186    i.cz_atol           scd.o
    0x00000fee   0x00000fee   0x00000002   PAD
    0x00000ff0   0x00000ff0   0x00000020   Code   RO           62    i.delay_ms          delay.o
    0x00001010   0x00001010   0x000000c4   Code   RO          130    i.main              main.o
    0x000010d4   0x000010d4   0x0000007c   Code   RO          275    i.scd_init_1        scd_reg.o
    0x00001150   0x00001150   0x00000050   Code   RO          188    i.scd_send1Byte     scd.o
    0x000011a0   0x000011a0   0x00000042   Code   RO          131    i.uart_ahb_init     main.o
    0x000011e2   0x000011e2   0x00000002   PAD
    0x000011e4   0x000011e4   0x00000405   Data   RO          189    .constdata          scd.o
    0x000015e9   0x000015e9   0x00000003   PAD
    0x000015ec   0x000015ec   0x00000048   Data   RO          277    .constdata          scd_reg.o
    0x00001634   0x00001634   0x00000020   Data   RO          190    .conststring        scd.o
    0x00001654   0x00001654   0x00000020   Data   RO          329    Region$$Table       anon$$obj.o


    Execution Region RW_IRAM1 (Exec base: 0x20000000, Load base: 0x00001674, Size: 0x00000550, Max: 0x00004000, ABSOLUTE)

    Exec Addr    Load Addr    Size         Type   Attr      Idx    E Section Name        Object

    0x20000000   0x00001674   0x00000008   Data   RW            5    .data               system_cmsdk_cm0.o
    0x20000008   0x0000167c   0x00000017   Data   RW          133    .data               main.o
    0x2000001f   0x00001693   0x00000001   PAD
    0x20000020   0x00001694   0x00000040   Data   RW          191    .data               scd.o
    0x20000060   0x000016d4   0x00000010   Data   RW          278    .data               scd_reg.o
    0x20000070        -       0x000000e0   Zero   RW          276    .bss                scd_reg.o
    0x20000150        -       0x00000400   Zero   RW           51    STACK               startup_cmsdk_cm0.o


==============================================================================

Image component sizes


      Code (inc. data)   RO Data    RW Data    ZI Data      Debug   Object Name

        74          4          0          0          0      31952   delay.o
        16          4          0          0          0       1698   int_handlers.o
       382         48          0         23          0       8047   main.o
      3124         60       1061         64          0      15882   scd.o
       124         32         72         16        224       4446   scd_reg.o
        32          8        192          0       1024        608   startup_cmsdk_cm0.o
        24         12          0          8          0       5243   system_cmsdk_cm0.o

    ----------------------------------------------------------------------
      3784        168       1360        112       1248      67876   Object Totals
         0          0         32          0          0          0   (incl. Generated)
         8          0          3          1          0          0   (incl. Padding)

    ----------------------------------------------------------------------

      Code (inc. data)   RO Data    RW Data    ZI Data      Debug   Library Member Name

         0          0          0          0          0          0   entry.o
         0          0          0          0          0          0   entry10a.o
         0          0          0          0          0          0   entry11a.o
         4          0          0          0          0          0   entry12b.o
         8          4          0          0          0          0   entry2.o
         4          0          0          0          0          0   entry5.o
         0          0          0          0          0          0   entry7b.o
         0          0          0          0          0          0   entry8b.o
         8          4          0          0          0          0   entry9a.o
        30          0          0          0          0          0   handlers.o
        36          8          0          0          0         68   init.o
         0          0          0          0          0          0   iusefp.o
        44          0          0          0          0         72   uidiv.o
       178          0          0          0          0        108   fadd.o
       130          0          0          0          0        144   fepilogue.o
        22          0          0          0          0         68   fflti.o
        14          0          0          0          0         68   ffltui.o
       122          0          0          0          0         72   fmul.o

    ----------------------------------------------------------------------
       604         16          0          0          0        600   Library Totals
         4          0          0          0          0          0   (incl. Padding)

    ----------------------------------------------------------------------

      Code (inc. data)   RO Data    RW Data    ZI Data      Debug   Library Name

       134         16          0          0          0        140   mc_p.l
       466          0          0          0          0        460   mf_p.l

    ----------------------------------------------------------------------
       604         16          0          0          0        600   Library Totals

    ----------------------------------------------------------------------

==============================================================================


      Code (inc. data)   RO Data    RW Data    ZI Data      Debug   

      4388        184       1360        112       1248      67344   Grand Totals
      4388        184       1360        112       1248      67344   ELF Image Totals
      4388        184       1360        112          0          0   ROM Totals

==============================================================================

    Total RO  Size (Code + RO Data)                 5748 (   5.61kB)
    Total RW  Size (RW Data + ZI Data)              1360 (   1.33kB)
    Total ROM Size (Code + RO Data + RW Data)       5860 (   5.72kB)

==============================================================================

